Archive member included because of file (symbol)

d:/arm_embeded/imt_arm_course/02- tools/03- imt sdk/imt_sdk_win_64/winavr/bin/../lib/gcc/avr/4.3.3/avr5\libgcc.a(_mulsi3.o)
                              ./ISR.o (__mulsi3)
d:/arm_embeded/imt_arm_course/02- tools/03- imt sdk/imt_sdk_win_64/winavr/bin/../lib/gcc/avr/4.3.3/avr5\libgcc.a(_udivmodhi4.o)
                              ./ISR.o (__udivmodhi4)
d:/arm_embeded/imt_arm_course/02- tools/03- imt sdk/imt_sdk_win_64/winavr/bin/../lib/gcc/avr/4.3.3/avr5\libgcc.a(_udivmodsi4.o)
                              ./ISR.o (__udivmodsi4)
d:/arm_embeded/imt_arm_course/02- tools/03- imt sdk/imt_sdk_win_64/winavr/bin/../lib/gcc/avr/4.3.3/avr5\libgcc.a(_divmodsi4.o)
                              ./LCD_program.o (__divmodsi4)
d:/arm_embeded/imt_arm_course/02- tools/03- imt sdk/imt_sdk_win_64/winavr/bin/../lib/gcc/avr/4.3.3/avr5\libgcc.a(_exit.o)
                              d:/arm_embeded/imt_arm_course/02- tools/03- imt sdk/imt_sdk_win_64/winavr/bin/../lib/gcc/avr/4.3.3/../../../../avr/lib/avr5/crtm32.o (exit)
d:/arm_embeded/imt_arm_course/02- tools/03- imt sdk/imt_sdk_win_64/winavr/bin/../lib/gcc/avr/4.3.3/avr5\libgcc.a(_copy_data.o)
                              ./HOME_PAGE.o (__do_copy_data)
d:/arm_embeded/imt_arm_course/02- tools/03- imt sdk/imt_sdk_win_64/winavr/bin/../lib/gcc/avr/4.3.3/avr5\libgcc.a(_clear_bss.o)
                              ./ADC_program.o (__do_clear_bss)
d:/arm_embeded/imt_arm_course/02- tools/03- imt sdk/imt_sdk_win_64/winavr/bin/../lib/gcc/avr/4.3.3/avr5\libgcc.a(_fixunssfsi.o)
                              ./HOME_PAGE.o (__fixunssfsi)
d:/arm_embeded/imt_arm_course/02- tools/03- imt sdk/imt_sdk_win_64/winavr/bin/../lib/gcc/avr/4.3.3/avr5\libgcc.a(_addsub_sf.o)
                              d:/arm_embeded/imt_arm_course/02- tools/03- imt sdk/imt_sdk_win_64/winavr/bin/../lib/gcc/avr/4.3.3/avr5\libgcc.a(_fixunssfsi.o) (__subsf3)
d:/arm_embeded/imt_arm_course/02- tools/03- imt sdk/imt_sdk_win_64/winavr/bin/../lib/gcc/avr/4.3.3/avr5\libgcc.a(_mul_sf.o)
                              ./HOME_PAGE.o (__mulsf3)
d:/arm_embeded/imt_arm_course/02- tools/03- imt sdk/imt_sdk_win_64/winavr/bin/../lib/gcc/avr/4.3.3/avr5\libgcc.a(_gt_sf.o)
                              ./HOME_PAGE.o (__gtsf2)
d:/arm_embeded/imt_arm_course/02- tools/03- imt sdk/imt_sdk_win_64/winavr/bin/../lib/gcc/avr/4.3.3/avr5\libgcc.a(_ge_sf.o)
                              d:/arm_embeded/imt_arm_course/02- tools/03- imt sdk/imt_sdk_win_64/winavr/bin/../lib/gcc/avr/4.3.3/avr5\libgcc.a(_fixunssfsi.o) (__gesf2)
d:/arm_embeded/imt_arm_course/02- tools/03- imt sdk/imt_sdk_win_64/winavr/bin/../lib/gcc/avr/4.3.3/avr5\libgcc.a(_lt_sf.o)
                              ./HOME_PAGE.o (__ltsf2)
d:/arm_embeded/imt_arm_course/02- tools/03- imt sdk/imt_sdk_win_64/winavr/bin/../lib/gcc/avr/4.3.3/avr5\libgcc.a(_sf_to_si.o)
                              d:/arm_embeded/imt_arm_course/02- tools/03- imt sdk/imt_sdk_win_64/winavr/bin/../lib/gcc/avr/4.3.3/avr5\libgcc.a(_fixunssfsi.o) (__fixsfsi)
d:/arm_embeded/imt_arm_course/02- tools/03- imt sdk/imt_sdk_win_64/winavr/bin/../lib/gcc/avr/4.3.3/avr5\libgcc.a(_thenan_sf.o)
                              d:/arm_embeded/imt_arm_course/02- tools/03- imt sdk/imt_sdk_win_64/winavr/bin/../lib/gcc/avr/4.3.3/avr5\libgcc.a(_addsub_sf.o) (__thenan_sf)
d:/arm_embeded/imt_arm_course/02- tools/03- imt sdk/imt_sdk_win_64/winavr/bin/../lib/gcc/avr/4.3.3/avr5\libgcc.a(_prologue.o)
                              d:/arm_embeded/imt_arm_course/02- tools/03- imt sdk/imt_sdk_win_64/winavr/bin/../lib/gcc/avr/4.3.3/avr5\libgcc.a(_addsub_sf.o) (__prologue_saves__)
d:/arm_embeded/imt_arm_course/02- tools/03- imt sdk/imt_sdk_win_64/winavr/bin/../lib/gcc/avr/4.3.3/avr5\libgcc.a(_epilogue.o)
                              d:/arm_embeded/imt_arm_course/02- tools/03- imt sdk/imt_sdk_win_64/winavr/bin/../lib/gcc/avr/4.3.3/avr5\libgcc.a(_addsub_sf.o) (__epilogue_restores__)
d:/arm_embeded/imt_arm_course/02- tools/03- imt sdk/imt_sdk_win_64/winavr/bin/../lib/gcc/avr/4.3.3/avr5\libgcc.a(_pack_sf.o)
                              d:/arm_embeded/imt_arm_course/02- tools/03- imt sdk/imt_sdk_win_64/winavr/bin/../lib/gcc/avr/4.3.3/avr5\libgcc.a(_addsub_sf.o) (__pack_f)
d:/arm_embeded/imt_arm_course/02- tools/03- imt sdk/imt_sdk_win_64/winavr/bin/../lib/gcc/avr/4.3.3/avr5\libgcc.a(_unpack_sf.o)
                              d:/arm_embeded/imt_arm_course/02- tools/03- imt sdk/imt_sdk_win_64/winavr/bin/../lib/gcc/avr/4.3.3/avr5\libgcc.a(_addsub_sf.o) (__unpack_f)
d:/arm_embeded/imt_arm_course/02- tools/03- imt sdk/imt_sdk_win_64/winavr/bin/../lib/gcc/avr/4.3.3/avr5\libgcc.a(_fpcmp_parts_sf.o)
                              d:/arm_embeded/imt_arm_course/02- tools/03- imt sdk/imt_sdk_win_64/winavr/bin/../lib/gcc/avr/4.3.3/avr5\libgcc.a(_gt_sf.o) (__fpcmp_parts_f)

Allocating common symbols
Common symbol       size              file

USER_NAME_ARRAY     0x5               ./ISR.o
PASSWORD_array      0x5               ./ISR.o

Memory Configuration

Name             Origin             Length             Attributes
text             0x00000000         0x00020000         xr
data             0x00800060         0x0000ffa0         rw !x
eeprom           0x00810000         0x00010000         rw !x
fuse             0x00820000         0x00000400         rw !x
lock             0x00830000         0x00000400         rw !x
signature        0x00840000         0x00000400         rw !x
*default*        0x00000000         0xffffffff

Linker script and memory map

LOAD d:/arm_embeded/imt_arm_course/02- tools/03- imt sdk/imt_sdk_win_64/winavr/bin/../lib/gcc/avr/4.3.3/../../../../avr/lib/avr5/crtm32.o
LOAD ./ADC_program.o
LOAD ./DIO_program.o
LOAD ./GIE_program.o
LOAD ./HOME_PAGE.o
LOAD ./ISR.o
LOAD ./LCD_program.o
LOAD ./TIMER1_program.o
LOAD ./UART_program.o
LOAD ./intialization.o
LOAD ./main.o
LOAD d:/arm_embeded/imt_arm_course/02- tools/03- imt sdk/imt_sdk_win_64/winavr/bin/../lib/gcc/avr/4.3.3/avr5\libgcc.a
LOAD d:/arm_embeded/imt_arm_course/02- tools/03- imt sdk/imt_sdk_win_64/winavr/bin/../lib/gcc/avr/4.3.3/../../../../avr/lib/avr5\libc.a
LOAD d:/arm_embeded/imt_arm_course/02- tools/03- imt sdk/imt_sdk_win_64/winavr/bin/../lib/gcc/avr/4.3.3/avr5\libgcc.a

.hash
 *(.hash)

.dynsym
 *(.dynsym)

.dynstr
 *(.dynstr)

.gnu.version
 *(.gnu.version)

.gnu.version_d
 *(.gnu.version_d)

.gnu.version_r
 *(.gnu.version_r)

.rel.init
 *(.rel.init)

.rela.init
 *(.rela.init)

.rel.text
 *(.rel.text)
 *(.rel.text.*)
 *(.rel.gnu.linkonce.t*)

.rela.text
 *(.rela.text)
 *(.rela.text.*)
 *(.rela.gnu.linkonce.t*)

.rel.fini
 *(.rel.fini)

.rela.fini
 *(.rela.fini)

.rel.rodata
 *(.rel.rodata)
 *(.rel.rodata.*)
 *(.rel.gnu.linkonce.r*)

.rela.rodata
 *(.rela.rodata)
 *(.rela.rodata.*)
 *(.rela.gnu.linkonce.r*)

.rel.data
 *(.rel.data)
 *(.rel.data.*)
 *(.rel.gnu.linkonce.d*)

.rela.data
 *(.rela.data)
 *(.rela.data.*)
 *(.rela.gnu.linkonce.d*)

.rel.ctors
 *(.rel.ctors)

.rela.ctors
 *(.rela.ctors)

.rel.dtors
 *(.rel.dtors)

.rela.dtors
 *(.rela.dtors)

.rel.got
 *(.rel.got)

.rela.got
 *(.rela.got)

.rel.bss
 *(.rel.bss)

.rela.bss
 *(.rela.bss)

.rel.plt
 *(.rel.plt)

.rela.plt
 *(.rela.plt)

.text           0x00000000     0x2dd8
 *(.vectors)
 .vectors       0x00000000       0x54 d:/arm_embeded/imt_arm_course/02- tools/03- imt sdk/imt_sdk_win_64/winavr/bin/../lib/gcc/avr/4.3.3/../../../../avr/lib/avr5/crtm32.o
                0x00000000                __vectors
                0x00000000                __vector_default
 *(.vectors)
 *(.progmem.gcc*)
 *(.progmem*)
                0x00000054                . = ALIGN (0x2)
                0x00000054                __trampolines_start = .
 *(.trampolines)
 .trampolines   0x00000054        0x0 linker stubs
 *(.trampolines*)
                0x00000054                __trampolines_end = .
 *(.jumptables)
 *(.jumptables*)
 *(.lowtext)
 *(.lowtext*)
                0x00000054                __ctors_start = .
 *(.ctors)
                0x00000054                __ctors_end = .
                0x00000054                __dtors_start = .
 *(.dtors)
                0x00000054                __dtors_end = .
 SORT(*)(.ctors)
 SORT(*)(.dtors)
 *(.init0)
 .init0         0x00000054        0x0 d:/arm_embeded/imt_arm_course/02- tools/03- imt sdk/imt_sdk_win_64/winavr/bin/../lib/gcc/avr/4.3.3/../../../../avr/lib/avr5/crtm32.o
                0x00000054                __init
 *(.init0)
 *(.init1)
 *(.init1)
 *(.init2)
 .init2         0x00000054        0xc d:/arm_embeded/imt_arm_course/02- tools/03- imt sdk/imt_sdk_win_64/winavr/bin/../lib/gcc/avr/4.3.3/../../../../avr/lib/avr5/crtm32.o
 *(.init2)
 *(.init3)
 *(.init3)
 *(.init4)
 .init4         0x00000060       0x16 d:/arm_embeded/imt_arm_course/02- tools/03- imt sdk/imt_sdk_win_64/winavr/bin/../lib/gcc/avr/4.3.3/avr5\libgcc.a(_copy_data.o)
                0x00000060                __do_copy_data
 .init4         0x00000076       0x10 d:/arm_embeded/imt_arm_course/02- tools/03- imt sdk/imt_sdk_win_64/winavr/bin/../lib/gcc/avr/4.3.3/avr5\libgcc.a(_clear_bss.o)
                0x00000076                __do_clear_bss
 *(.init4)
 *(.init5)
 *(.init5)
 *(.init6)
 *(.init6)
 *(.init7)
 *(.init7)
 *(.init8)
 *(.init8)
 *(.init9)
 .init9         0x00000086        0x8 d:/arm_embeded/imt_arm_course/02- tools/03- imt sdk/imt_sdk_win_64/winavr/bin/../lib/gcc/avr/4.3.3/../../../../avr/lib/avr5/crtm32.o
 *(.init9)
 *(.text)
 .text          0x0000008e        0x4 d:/arm_embeded/imt_arm_course/02- tools/03- imt sdk/imt_sdk_win_64/winavr/bin/../lib/gcc/avr/4.3.3/../../../../avr/lib/avr5/crtm32.o
                0x0000008e                __vector_1
                0x0000008e                __vector_12
                0x0000008e                __bad_interrupt
                0x0000008e                __vector_3
                0x0000008e                __vector_11
                0x0000008e                __vector_17
                0x0000008e                __vector_19
                0x0000008e                __vector_7
                0x0000008e                __vector_5
                0x0000008e                __vector_4
                0x0000008e                __vector_2
                0x0000008e                __vector_8
                0x0000008e                __vector_10
                0x0000008e                __vector_18
                0x0000008e                __vector_20
 .text          0x00000092        0x0 ./ADC_program.o
 .text          0x00000092        0x0 ./DIO_program.o
 .text          0x00000092        0x0 ./GIE_program.o
 .text          0x00000092        0x0 ./HOME_PAGE.o
 .text          0x00000092        0x0 ./ISR.o
 .text          0x00000092        0x0 ./LCD_program.o
 .text          0x00000092        0x0 ./TIMER1_program.o
 .text          0x00000092        0x0 ./UART_program.o
 .text          0x00000092        0x0 ./intialization.o
 .text          0x00000092        0x0 ./main.o
 .text          0x00000092        0x0 d:/arm_embeded/imt_arm_course/02- tools/03- imt sdk/imt_sdk_win_64/winavr/bin/../lib/gcc/avr/4.3.3/avr5\libgcc.a(_mulsi3.o)
 .text          0x00000092        0x0 d:/arm_embeded/imt_arm_course/02- tools/03- imt sdk/imt_sdk_win_64/winavr/bin/../lib/gcc/avr/4.3.3/avr5\libgcc.a(_udivmodhi4.o)
 .text          0x00000092        0x0 d:/arm_embeded/imt_arm_course/02- tools/03- imt sdk/imt_sdk_win_64/winavr/bin/../lib/gcc/avr/4.3.3/avr5\libgcc.a(_udivmodsi4.o)
 .text          0x00000092        0x0 d:/arm_embeded/imt_arm_course/02- tools/03- imt sdk/imt_sdk_win_64/winavr/bin/../lib/gcc/avr/4.3.3/avr5\libgcc.a(_divmodsi4.o)
 .text          0x00000092        0x0 d:/arm_embeded/imt_arm_course/02- tools/03- imt sdk/imt_sdk_win_64/winavr/bin/../lib/gcc/avr/4.3.3/avr5\libgcc.a(_exit.o)
 .text          0x00000092        0x0 d:/arm_embeded/imt_arm_course/02- tools/03- imt sdk/imt_sdk_win_64/winavr/bin/../lib/gcc/avr/4.3.3/avr5\libgcc.a(_copy_data.o)
 .text          0x00000092        0x0 d:/arm_embeded/imt_arm_course/02- tools/03- imt sdk/imt_sdk_win_64/winavr/bin/../lib/gcc/avr/4.3.3/avr5\libgcc.a(_clear_bss.o)
 .text          0x00000092       0x58 d:/arm_embeded/imt_arm_course/02- tools/03- imt sdk/imt_sdk_win_64/winavr/bin/../lib/gcc/avr/4.3.3/avr5\libgcc.a(_fixunssfsi.o)
                0x00000092                __fixunssfsi
 .text          0x000000ea      0x354 d:/arm_embeded/imt_arm_course/02- tools/03- imt sdk/imt_sdk_win_64/winavr/bin/../lib/gcc/avr/4.3.3/avr5\libgcc.a(_addsub_sf.o)
                0x00000382                __subsf3
                0x000003e4                __addsf3
 .text          0x0000043e      0x1f4 d:/arm_embeded/imt_arm_course/02- tools/03- imt sdk/imt_sdk_win_64/winavr/bin/../lib/gcc/avr/4.3.3/avr5\libgcc.a(_mul_sf.o)
                0x0000043e                __mulsf3
 .text          0x00000632       0x60 d:/arm_embeded/imt_arm_course/02- tools/03- imt sdk/imt_sdk_win_64/winavr/bin/../lib/gcc/avr/4.3.3/avr5\libgcc.a(_gt_sf.o)
                0x00000632                __gtsf2
 .text          0x00000692       0x60 d:/arm_embeded/imt_arm_course/02- tools/03- imt sdk/imt_sdk_win_64/winavr/bin/../lib/gcc/avr/4.3.3/avr5\libgcc.a(_ge_sf.o)
                0x00000692                __gesf2
 .text          0x000006f2       0x60 d:/arm_embeded/imt_arm_course/02- tools/03- imt sdk/imt_sdk_win_64/winavr/bin/../lib/gcc/avr/4.3.3/avr5\libgcc.a(_lt_sf.o)
                0x000006f2                __ltsf2
 .text          0x00000752       0xa8 d:/arm_embeded/imt_arm_course/02- tools/03- imt sdk/imt_sdk_win_64/winavr/bin/../lib/gcc/avr/4.3.3/avr5\libgcc.a(_sf_to_si.o)
                0x00000752                __fixsfsi
 .text          0x000007fa        0x0 d:/arm_embeded/imt_arm_course/02- tools/03- imt sdk/imt_sdk_win_64/winavr/bin/../lib/gcc/avr/4.3.3/avr5\libgcc.a(_thenan_sf.o)
 .text          0x000007fa        0x0 d:/arm_embeded/imt_arm_course/02- tools/03- imt sdk/imt_sdk_win_64/winavr/bin/../lib/gcc/avr/4.3.3/avr5\libgcc.a(_prologue.o)
 .text          0x000007fa        0x0 d:/arm_embeded/imt_arm_course/02- tools/03- imt sdk/imt_sdk_win_64/winavr/bin/../lib/gcc/avr/4.3.3/avr5\libgcc.a(_epilogue.o)
 .text          0x000007fa      0x1aa d:/arm_embeded/imt_arm_course/02- tools/03- imt sdk/imt_sdk_win_64/winavr/bin/../lib/gcc/avr/4.3.3/avr5\libgcc.a(_pack_sf.o)
                0x000007fa                __pack_f
 .text          0x000009a4       0xf0 d:/arm_embeded/imt_arm_course/02- tools/03- imt sdk/imt_sdk_win_64/winavr/bin/../lib/gcc/avr/4.3.3/avr5\libgcc.a(_unpack_sf.o)
                0x000009a4                __unpack_f
 .text          0x00000a94       0xb2 d:/arm_embeded/imt_arm_course/02- tools/03- imt sdk/imt_sdk_win_64/winavr/bin/../lib/gcc/avr/4.3.3/avr5\libgcc.a(_fpcmp_parts_sf.o)
                0x00000a94                __fpcmp_parts_f
                0x00000b46                . = ALIGN (0x2)
 *(.text.*)
 .text.ADC_SetCallBack
                0x00000b46       0x2c ./ADC_program.o
                0x00000b46                ADC_SetCallBack
 .text.ADC_VidInit
                0x00000b72       0xb6 ./ADC_program.o
                0x00000b72                ADC_VidInit
 .text.ADC_VidGetReadingPooling
                0x00000c28       0x6c ./ADC_program.o
                0x00000c28                ADC_VidGetReadingPooling
 .text.ADC_VidGetReadingInterrupt
                0x00000c94       0x4e ./ADC_program.o
                0x00000c94                ADC_VidGetReadingInterrupt
 .text.__vector_16
                0x00000ce2       0x6e ./ADC_program.o
                0x00000ce2                __vector_16
 .text.DIO_VidSetPinDirection
                0x00000d50      0x200 ./DIO_program.o
                0x00000d50                DIO_VidSetPinDirection
 .text.DIO_VidSetPinValue
                0x00000f50      0x200 ./DIO_program.o
                0x00000f50                DIO_VidSetPinValue
 .text.DIO_VidSetPortDirection
                0x00001150       0x82 ./DIO_program.o
                0x00001150                DIO_VidSetPortDirection
 .text.DIO_VidSetPortValue
                0x000011d2       0x82 ./DIO_program.o
                0x000011d2                DIO_VidSetPortValue
 .text.DIO_u8GetPinValue
                0x00001254       0xf2 ./DIO_program.o
                0x00001254                DIO_u8GetPinValue
 .text.DIO_VidTogBit
                0x00001346       0xfa ./DIO_program.o
                0x00001346                DIO_VidTogBit
 .text.GIE_VidEnable
                0x00001440       0x1c ./GIE_program.o
                0x00001440                GIE_VidEnable
 .text.GIE_VidDisable
                0x0000145c       0x1c ./GIE_program.o
                0x0000145c                GIE_VidDisable
 .text.User_Pass
                0x00001478       0xb4 ./HOME_PAGE.o
                0x00001478                User_Pass
 .text.LCD_VidUserNameCheck
                0x0000152c      0x14e ./HOME_PAGE.o
                0x0000152c                LCD_VidUserNameCheck
 .text.LCD_VidPasswordCheck
                0x0000167a      0x266 ./HOME_PAGE.o
                0x0000167a                LCD_VidPasswordCheck
 .text.HOME_PAGE
                0x000018e0       0x4c ./HOME_PAGE.o
                0x000018e0                HOME_PAGE
 .text.servo    0x0000192c       0x72 ./HOME_PAGE.o
                0x0000192c                servo
 .text.TEMP     0x0000199e       0xa4 ./HOME_PAGE.o
                0x0000199e                TEMP
 .text.LDR      0x00001a42       0xa6 ./HOME_PAGE.o
                0x00001a42                LDR
 .text.ISR_VidUartInterrupt
                0x00001ae8      0x1fc ./ISR.o
                0x00001ae8                ISR_VidUartInterrupt
 .text.ISR_VidAdcInterrupt
                0x00001ce4       0xd0 ./ISR.o
                0x00001ce4                ISR_VidAdcInterrupt
 .text.LCD_VidEnable
                0x00001db4      0x202 ./LCD_program.o
                0x00001db4                LCD_VidEnable
 .text.LCD_VidInit
                0x00001fb6      0x460 ./LCD_program.o
                0x00001fb6                LCD_VidInit
 .text.LCD_VidWriteCommand
                0x00002416       0x34 ./LCD_program.o
                0x00002416                LCD_VidWriteCommand
 .text.LCD_VidWriteData
                0x0000244a       0x34 ./LCD_program.o
                0x0000244a                LCD_VidWriteData
 .text.LCD_VidWriteString
                0x0000247e       0x54 ./LCD_program.o
                0x0000247e                LCD_VidWriteString
 .text.LCD_VidWriteNumber
                0x000024d2      0x202 ./LCD_program.o
                0x000024d2                LCD_VidWriteNumber
 .text.LCD_VidSetDdram
                0x000026d4       0x36 ./LCD_program.o
                0x000026d4                LCD_VidSetDdram
 .text.TIMER1_SetCallBackIcp
                0x0000270a       0x2c ./TIMER1_program.o
                0x0000270a                TIMER1_SetCallBackIcp
 .text.TIMER1_SetCallBack
                0x00002736       0x2c ./TIMER1_program.o
                0x00002736                TIMER1_SetCallBack
 .text.TIMER1_VidInit
                0x00002762       0x98 ./TIMER1_program.o
                0x00002762                TIMER1_VidInit
 .text.TIMER1_VidSenceControlIcp
                0x000027fa       0x56 ./TIMER1_program.o
                0x000027fa                TIMER1_VidSenceControlIcp
 .text.TIMER1_VidSetDutyCycle
                0x00002850       0x24 ./TIMER1_program.o
                0x00002850                TIMER1_VidSetDutyCycle
 .text.__vector_6
                0x00002874       0x6e ./TIMER1_program.o
                0x00002874                __vector_6
 .text.__vector_9
                0x000028e2       0x66 ./TIMER1_program.o
                0x000028e2                __vector_9
 .text.UART_VidSetCallBackReceive
                0x00002948       0x2c ./UART_program.o
                0x00002948                UART_VidSetCallBackReceive
 .text.UART_VidSetCallBackSend
                0x00002974       0x2c ./UART_program.o
                0x00002974                UART_VidSetCallBackSend
 .text.UART_VidInit
                0x000029a0       0x74 ./UART_program.o
                0x000029a0                UART_VidInit
 .text.UART_VidSend
                0x00002a14       0x6e ./UART_program.o
                0x00002a14                UART_VidSend
 .text.UART_VidReceive
                0x00002a82       0x26 ./UART_program.o
                0x00002a82                UART_VidReceive
 .text.__vector_13
                0x00002aa8       0x6c ./UART_program.o
                0x00002aa8                __vector_13
 .text.__vector_15
                0x00002b14       0x6c ./UART_program.o
                0x00002b14                __vector_15
 .text.__vector_14
                0x00002b80       0x20 ./UART_program.o
                0x00002b80                __vector_14
 .text.Intializtion
                0x00002ba0       0x72 ./intialization.o
                0x00002ba0                Intializtion
 .text.main     0x00002c12       0x12 ./main.o
                0x00002c12                main
 .text.START    0x00002c24       0x62 ./main.o
                0x00002c24                START
 .text.libgcc   0x00002c86       0x3e d:/arm_embeded/imt_arm_course/02- tools/03- imt sdk/imt_sdk_win_64/winavr/bin/../lib/gcc/avr/4.3.3/avr5\libgcc.a(_mulsi3.o)
                0x00002c86                __mulsi3
 .text.libgcc   0x00002cc4       0x28 d:/arm_embeded/imt_arm_course/02- tools/03- imt sdk/imt_sdk_win_64/winavr/bin/../lib/gcc/avr/4.3.3/avr5\libgcc.a(_udivmodhi4.o)
                0x00002cc4                __udivmodhi4
 .text.libgcc   0x00002cec       0x44 d:/arm_embeded/imt_arm_course/02- tools/03- imt sdk/imt_sdk_win_64/winavr/bin/../lib/gcc/avr/4.3.3/avr5\libgcc.a(_udivmodsi4.o)
                0x00002cec                __udivmodsi4
 .text.libgcc   0x00002d30       0x36 d:/arm_embeded/imt_arm_course/02- tools/03- imt sdk/imt_sdk_win_64/winavr/bin/../lib/gcc/avr/4.3.3/avr5\libgcc.a(_divmodsi4.o)
                0x00002d30                __divmodsi4
 .text.libgcc   0x00002d66        0x0 d:/arm_embeded/imt_arm_course/02- tools/03- imt sdk/imt_sdk_win_64/winavr/bin/../lib/gcc/avr/4.3.3/avr5\libgcc.a(_exit.o)
 .text.libgcc   0x00002d66        0x0 d:/arm_embeded/imt_arm_course/02- tools/03- imt sdk/imt_sdk_win_64/winavr/bin/../lib/gcc/avr/4.3.3/avr5\libgcc.a(_copy_data.o)
 .text.libgcc   0x00002d66        0x0 d:/arm_embeded/imt_arm_course/02- tools/03- imt sdk/imt_sdk_win_64/winavr/bin/../lib/gcc/avr/4.3.3/avr5\libgcc.a(_clear_bss.o)
 .text.libgcc   0x00002d66       0x38 d:/arm_embeded/imt_arm_course/02- tools/03- imt sdk/imt_sdk_win_64/winavr/bin/../lib/gcc/avr/4.3.3/avr5\libgcc.a(_prologue.o)
                0x00002d66                __prologue_saves__
 .text.libgcc   0x00002d9e       0x36 d:/arm_embeded/imt_arm_course/02- tools/03- imt sdk/imt_sdk_win_64/winavr/bin/../lib/gcc/avr/4.3.3/avr5\libgcc.a(_epilogue.o)
                0x00002d9e                __epilogue_restores__
                0x00002dd4                . = ALIGN (0x2)
 *(.fini9)
 .fini9         0x00002dd4        0x0 d:/arm_embeded/imt_arm_course/02- tools/03- imt sdk/imt_sdk_win_64/winavr/bin/../lib/gcc/avr/4.3.3/avr5\libgcc.a(_exit.o)
                0x00002dd4                exit
                0x00002dd4                _exit
 *(.fini9)
 *(.fini8)
 *(.fini8)
 *(.fini7)
 *(.fini7)
 *(.fini6)
 *(.fini6)
 *(.fini5)
 *(.fini5)
 *(.fini4)
 *(.fini4)
 *(.fini3)
 *(.fini3)
 *(.fini2)
 *(.fini2)
 *(.fini1)
 *(.fini1)
 *(.fini0)
 .fini0         0x00002dd4        0x4 d:/arm_embeded/imt_arm_course/02- tools/03- imt sdk/imt_sdk_win_64/winavr/bin/../lib/gcc/avr/4.3.3/avr5\libgcc.a(_exit.o)
 *(.fini0)
                0x00002dd8                _etext = .

.data           0x00800060       0xaa load address 0x00002dd8
                0x00800060                PROVIDE (__data_start, .)
 *(.data)
 .data          0x00800060        0x0 d:/arm_embeded/imt_arm_course/02- tools/03- imt sdk/imt_sdk_win_64/winavr/bin/../lib/gcc/avr/4.3.3/../../../../avr/lib/avr5/crtm32.o
 .data          0x00800060        0x0 ./ADC_program.o
 .data          0x00800060        0x0 ./DIO_program.o
 .data          0x00800060        0x0 ./GIE_program.o
 .data          0x00800060       0x84 ./HOME_PAGE.o
 .data          0x008000e4        0x0 ./ISR.o
 .data          0x008000e4        0x0 ./LCD_program.o
 .data          0x008000e4        0x0 ./TIMER1_program.o
 .data          0x008000e4        0x0 ./UART_program.o
 .data          0x008000e4        0x0 ./intialization.o
 .data          0x008000e4       0x13 ./main.o
 .data          0x008000f7        0x0 d:/arm_embeded/imt_arm_course/02- tools/03- imt sdk/imt_sdk_win_64/winavr/bin/../lib/gcc/avr/4.3.3/avr5\libgcc.a(_mulsi3.o)
 .data          0x008000f7        0x0 d:/arm_embeded/imt_arm_course/02- tools/03- imt sdk/imt_sdk_win_64/winavr/bin/../lib/gcc/avr/4.3.3/avr5\libgcc.a(_udivmodhi4.o)
 .data          0x008000f7        0x0 d:/arm_embeded/imt_arm_course/02- tools/03- imt sdk/imt_sdk_win_64/winavr/bin/../lib/gcc/avr/4.3.3/avr5\libgcc.a(_udivmodsi4.o)
 .data          0x008000f7        0x0 d:/arm_embeded/imt_arm_course/02- tools/03- imt sdk/imt_sdk_win_64/winavr/bin/../lib/gcc/avr/4.3.3/avr5\libgcc.a(_divmodsi4.o)
 .data          0x008000f7        0x0 d:/arm_embeded/imt_arm_course/02- tools/03- imt sdk/imt_sdk_win_64/winavr/bin/../lib/gcc/avr/4.3.3/avr5\libgcc.a(_exit.o)
 .data          0x008000f7        0x0 d:/arm_embeded/imt_arm_course/02- tools/03- imt sdk/imt_sdk_win_64/winavr/bin/../lib/gcc/avr/4.3.3/avr5\libgcc.a(_copy_data.o)
 .data          0x008000f7        0x0 d:/arm_embeded/imt_arm_course/02- tools/03- imt sdk/imt_sdk_win_64/winavr/bin/../lib/gcc/avr/4.3.3/avr5\libgcc.a(_clear_bss.o)
 .data          0x008000f7        0x0 d:/arm_embeded/imt_arm_course/02- tools/03- imt sdk/imt_sdk_win_64/winavr/bin/../lib/gcc/avr/4.3.3/avr5\libgcc.a(_fixunssfsi.o)
 .data          0x008000f7        0x0 d:/arm_embeded/imt_arm_course/02- tools/03- imt sdk/imt_sdk_win_64/winavr/bin/../lib/gcc/avr/4.3.3/avr5\libgcc.a(_addsub_sf.o)
 .data          0x008000f7        0x0 d:/arm_embeded/imt_arm_course/02- tools/03- imt sdk/imt_sdk_win_64/winavr/bin/../lib/gcc/avr/4.3.3/avr5\libgcc.a(_mul_sf.o)
 .data          0x008000f7        0x0 d:/arm_embeded/imt_arm_course/02- tools/03- imt sdk/imt_sdk_win_64/winavr/bin/../lib/gcc/avr/4.3.3/avr5\libgcc.a(_gt_sf.o)
 .data          0x008000f7        0x0 d:/arm_embeded/imt_arm_course/02- tools/03- imt sdk/imt_sdk_win_64/winavr/bin/../lib/gcc/avr/4.3.3/avr5\libgcc.a(_ge_sf.o)
 .data          0x008000f7        0x0 d:/arm_embeded/imt_arm_course/02- tools/03- imt sdk/imt_sdk_win_64/winavr/bin/../lib/gcc/avr/4.3.3/avr5\libgcc.a(_lt_sf.o)
 .data          0x008000f7        0x0 d:/arm_embeded/imt_arm_course/02- tools/03- imt sdk/imt_sdk_win_64/winavr/bin/../lib/gcc/avr/4.3.3/avr5\libgcc.a(_sf_to_si.o)
 .data          0x008000f7        0x8 d:/arm_embeded/imt_arm_course/02- tools/03- imt sdk/imt_sdk_win_64/winavr/bin/../lib/gcc/avr/4.3.3/avr5\libgcc.a(_thenan_sf.o)
                0x008000f7                __thenan_sf
 .data          0x008000ff        0x0 d:/arm_embeded/imt_arm_course/02- tools/03- imt sdk/imt_sdk_win_64/winavr/bin/../lib/gcc/avr/4.3.3/avr5\libgcc.a(_prologue.o)
 .data          0x008000ff        0x0 d:/arm_embeded/imt_arm_course/02- tools/03- imt sdk/imt_sdk_win_64/winavr/bin/../lib/gcc/avr/4.3.3/avr5\libgcc.a(_epilogue.o)
 .data          0x008000ff        0x0 d:/arm_embeded/imt_arm_course/02- tools/03- imt sdk/imt_sdk_win_64/winavr/bin/../lib/gcc/avr/4.3.3/avr5\libgcc.a(_pack_sf.o)
 .data          0x008000ff        0x0 d:/arm_embeded/imt_arm_course/02- tools/03- imt sdk/imt_sdk_win_64/winavr/bin/../lib/gcc/avr/4.3.3/avr5\libgcc.a(_unpack_sf.o)
 .data          0x008000ff        0x0 d:/arm_embeded/imt_arm_course/02- tools/03- imt sdk/imt_sdk_win_64/winavr/bin/../lib/gcc/avr/4.3.3/avr5\libgcc.a(_fpcmp_parts_sf.o)
 *(.data*)
 .data.ARRAY    0x008000ff        0x5 ./HOME_PAGE.o
                0x008000ff                ARRAY
 .data.pass     0x00800104        0x3 ./HOME_PAGE.o
                0x00800104                pass
 *(.rodata)
 *(.rodata*)
 .rodata.C.0.1324
                0x00800107        0x3 ./LCD_program.o
 *(.gnu.linkonce.d*)
                0x0080010a                . = ALIGN (0x2)
                0x0080010a                _edata = .
                0x0080010a                PROVIDE (__data_end, .)

.bss            0x0080010a       0x1b
                0x0080010a                PROVIDE (__bss_start, .)
 *(.bss)
 .bss           0x0080010a        0x0 d:/arm_embeded/imt_arm_course/02- tools/03- imt sdk/imt_sdk_win_64/winavr/bin/../lib/gcc/avr/4.3.3/../../../../avr/lib/avr5/crtm32.o
 .bss           0x0080010a        0x0 ./ADC_program.o
 .bss           0x0080010a        0x0 ./DIO_program.o
 .bss           0x0080010a        0x0 ./GIE_program.o
 .bss           0x0080010a        0x0 ./HOME_PAGE.o
 .bss           0x0080010a        0x0 ./ISR.o
 .bss           0x0080010a        0x0 ./LCD_program.o
 .bss           0x0080010a        0x0 ./TIMER1_program.o
 .bss           0x0080010a        0x0 ./UART_program.o
 .bss           0x0080010a        0x0 ./intialization.o
 .bss           0x0080010a        0x0 ./main.o
 .bss           0x0080010a        0x0 d:/arm_embeded/imt_arm_course/02- tools/03- imt sdk/imt_sdk_win_64/winavr/bin/../lib/gcc/avr/4.3.3/avr5\libgcc.a(_mulsi3.o)
 .bss           0x0080010a        0x0 d:/arm_embeded/imt_arm_course/02- tools/03- imt sdk/imt_sdk_win_64/winavr/bin/../lib/gcc/avr/4.3.3/avr5\libgcc.a(_udivmodhi4.o)
 .bss           0x0080010a        0x0 d:/arm_embeded/imt_arm_course/02- tools/03- imt sdk/imt_sdk_win_64/winavr/bin/../lib/gcc/avr/4.3.3/avr5\libgcc.a(_udivmodsi4.o)
 .bss           0x0080010a        0x0 d:/arm_embeded/imt_arm_course/02- tools/03- imt sdk/imt_sdk_win_64/winavr/bin/../lib/gcc/avr/4.3.3/avr5\libgcc.a(_divmodsi4.o)
 .bss           0x0080010a        0x0 d:/arm_embeded/imt_arm_course/02- tools/03- imt sdk/imt_sdk_win_64/winavr/bin/../lib/gcc/avr/4.3.3/avr5\libgcc.a(_exit.o)
 .bss           0x0080010a        0x0 d:/arm_embeded/imt_arm_course/02- tools/03- imt sdk/imt_sdk_win_64/winavr/bin/../lib/gcc/avr/4.3.3/avr5\libgcc.a(_copy_data.o)
 .bss           0x0080010a        0x0 d:/arm_embeded/imt_arm_course/02- tools/03- imt sdk/imt_sdk_win_64/winavr/bin/../lib/gcc/avr/4.3.3/avr5\libgcc.a(_clear_bss.o)
 .bss           0x0080010a        0x0 d:/arm_embeded/imt_arm_course/02- tools/03- imt sdk/imt_sdk_win_64/winavr/bin/../lib/gcc/avr/4.3.3/avr5\libgcc.a(_fixunssfsi.o)
 .bss           0x0080010a        0x0 d:/arm_embeded/imt_arm_course/02- tools/03- imt sdk/imt_sdk_win_64/winavr/bin/../lib/gcc/avr/4.3.3/avr5\libgcc.a(_addsub_sf.o)
 .bss           0x0080010a        0x0 d:/arm_embeded/imt_arm_course/02- tools/03- imt sdk/imt_sdk_win_64/winavr/bin/../lib/gcc/avr/4.3.3/avr5\libgcc.a(_mul_sf.o)
 .bss           0x0080010a        0x0 d:/arm_embeded/imt_arm_course/02- tools/03- imt sdk/imt_sdk_win_64/winavr/bin/../lib/gcc/avr/4.3.3/avr5\libgcc.a(_gt_sf.o)
 .bss           0x0080010a        0x0 d:/arm_embeded/imt_arm_course/02- tools/03- imt sdk/imt_sdk_win_64/winavr/bin/../lib/gcc/avr/4.3.3/avr5\libgcc.a(_ge_sf.o)
 .bss           0x0080010a        0x0 d:/arm_embeded/imt_arm_course/02- tools/03- imt sdk/imt_sdk_win_64/winavr/bin/../lib/gcc/avr/4.3.3/avr5\libgcc.a(_lt_sf.o)
 .bss           0x0080010a        0x0 d:/arm_embeded/imt_arm_course/02- tools/03- imt sdk/imt_sdk_win_64/winavr/bin/../lib/gcc/avr/4.3.3/avr5\libgcc.a(_sf_to_si.o)
 .bss           0x0080010a        0x0 d:/arm_embeded/imt_arm_course/02- tools/03- imt sdk/imt_sdk_win_64/winavr/bin/../lib/gcc/avr/4.3.3/avr5\libgcc.a(_thenan_sf.o)
 .bss           0x0080010a        0x0 d:/arm_embeded/imt_arm_course/02- tools/03- imt sdk/imt_sdk_win_64/winavr/bin/../lib/gcc/avr/4.3.3/avr5\libgcc.a(_prologue.o)
 .bss           0x0080010a        0x0 d:/arm_embeded/imt_arm_course/02- tools/03- imt sdk/imt_sdk_win_64/winavr/bin/../lib/gcc/avr/4.3.3/avr5\libgcc.a(_epilogue.o)
 .bss           0x0080010a        0x0 d:/arm_embeded/imt_arm_course/02- tools/03- imt sdk/imt_sdk_win_64/winavr/bin/../lib/gcc/avr/4.3.3/avr5\libgcc.a(_pack_sf.o)
 .bss           0x0080010a        0x0 d:/arm_embeded/imt_arm_course/02- tools/03- imt sdk/imt_sdk_win_64/winavr/bin/../lib/gcc/avr/4.3.3/avr5\libgcc.a(_unpack_sf.o)
 .bss           0x0080010a        0x0 d:/arm_embeded/imt_arm_course/02- tools/03- imt sdk/imt_sdk_win_64/winavr/bin/../lib/gcc/avr/4.3.3/avr5\libgcc.a(_fpcmp_parts_sf.o)
 *(.bss*)
 .bss.Gptr      0x0080010a        0x2 ./ADC_program.o
 .bss.i         0x0080010c        0x1 ./HOME_PAGE.o
                0x0080010c                i
 .bss.counter.1413
                0x0080010d        0x1 ./HOME_PAGE.o
 .bss.flag      0x0080010e        0x1 ./ISR.o
                0x0080010e                flag
 .bss.index_name
                0x0080010f        0x1 ./ISR.o
                0x0080010f                index_name
 .bss.index_pass
                0x00800110        0x1 ./ISR.o
                0x00800110                index_pass
 .bss.axis      0x00800111        0x1 ./ISR.o
                0x00800111                axis
 .bss.place     0x00800112        0x1 ./ISR.o
                0x00800112                place
 .bss.GlobalPointerIcpTimer1
                0x00800113        0x2 ./TIMER1_program.o
 .bss.GlobalPointerTimer1
                0x00800115        0x2 ./TIMER1_program.o
 .bss.u8GlobalPointerReceive
                0x00800117        0x2 ./UART_program.o
 .bss.VidGlobalPointerSend
                0x00800119        0x2 ./UART_program.o
 *(COMMON)
 COMMON         0x0080011b        0xa ./ISR.o
                0x0080011b                USER_NAME_ARRAY
                0x00800120                PASSWORD_array
                0x00800125                PROVIDE (__bss_end, .)
                0x00002dd8                __data_load_start = LOADADDR (.data)
                0x00002e82                __data_load_end = (__data_load_start + SIZEOF (.data))

.noinit         0x00800125        0x0
                0x00800125                PROVIDE (__noinit_start, .)
 *(.noinit*)
                0x00800125                PROVIDE (__noinit_end, .)
                0x00800125                _end = .
                0x00800125                PROVIDE (__heap_start, .)

.eeprom         0x00810000        0x0
 *(.eeprom*)
                0x00810000                __eeprom_end = .

.fuse
 *(.fuse)
 *(.lfuse)
 *(.hfuse)
 *(.efuse)

.lock
 *(.lock*)

.signature
 *(.signature*)

.stab           0x00000000     0x2c70
 *(.stab)
 .stab          0x00000000      0x378 ./ADC_program.o
 .stab          0x00000378      0x4a4 ./DIO_program.o
                                0x51c (size before relaxing)
 .stab          0x0000081c      0x144 ./GIE_program.o
                                0x1bc (size before relaxing)
 .stab          0x00000960      0xb40 ./HOME_PAGE.o
                                0xbb8 (size before relaxing)
 .stab          0x000014a0      0x384 ./ISR.o
                                0x420 (size before relaxing)
 .stab          0x00001824      0x990 ./LCD_program.o
                                0xba0 (size before relaxing)
 .stab          0x000021b4      0x330 ./TIMER1_program.o
                                0x3a8 (size before relaxing)
 .stab          0x000024e4      0x3f0 ./UART_program.o
                                0x468 (size before relaxing)
 .stab          0x000028d4      0x1b0 ./intialization.o
                                0x24c (size before relaxing)
 .stab          0x00002a84      0x1ec ./main.o
                                0x288 (size before relaxing)

.stabstr        0x00000000     0x1197
 *(.stabstr)
 .stabstr       0x00000000     0x1197 ./ADC_program.o

.stab.excl
 *(.stab.excl)

.stab.exclstr
 *(.stab.exclstr)

.stab.index
 *(.stab.index)

.stab.indexstr
 *(.stab.indexstr)

.comment
 *(.comment)

.debug
 *(.debug)

.line
 *(.line)

.debug_srcinfo
 *(.debug_srcinfo)

.debug_sfnames
 *(.debug_sfnames)

.debug_aranges  0x00000000      0x140
 *(.debug_aranges)
 .debug_aranges
                0x00000000       0x20 d:/arm_embeded/imt_arm_course/02- tools/03- imt sdk/imt_sdk_win_64/winavr/bin/../lib/gcc/avr/4.3.3/avr5\libgcc.a(_fixunssfsi.o)
 .debug_aranges
                0x00000020       0x20 d:/arm_embeded/imt_arm_course/02- tools/03- imt sdk/imt_sdk_win_64/winavr/bin/../lib/gcc/avr/4.3.3/avr5\libgcc.a(_addsub_sf.o)
 .debug_aranges
                0x00000040       0x20 d:/arm_embeded/imt_arm_course/02- tools/03- imt sdk/imt_sdk_win_64/winavr/bin/../lib/gcc/avr/4.3.3/avr5\libgcc.a(_mul_sf.o)
 .debug_aranges
                0x00000060       0x20 d:/arm_embeded/imt_arm_course/02- tools/03- imt sdk/imt_sdk_win_64/winavr/bin/../lib/gcc/avr/4.3.3/avr5\libgcc.a(_gt_sf.o)
 .debug_aranges
                0x00000080       0x20 d:/arm_embeded/imt_arm_course/02- tools/03- imt sdk/imt_sdk_win_64/winavr/bin/../lib/gcc/avr/4.3.3/avr5\libgcc.a(_ge_sf.o)
 .debug_aranges
                0x000000a0       0x20 d:/arm_embeded/imt_arm_course/02- tools/03- imt sdk/imt_sdk_win_64/winavr/bin/../lib/gcc/avr/4.3.3/avr5\libgcc.a(_lt_sf.o)
 .debug_aranges
                0x000000c0       0x20 d:/arm_embeded/imt_arm_course/02- tools/03- imt sdk/imt_sdk_win_64/winavr/bin/../lib/gcc/avr/4.3.3/avr5\libgcc.a(_sf_to_si.o)
 .debug_aranges
                0x000000e0       0x20 d:/arm_embeded/imt_arm_course/02- tools/03- imt sdk/imt_sdk_win_64/winavr/bin/../lib/gcc/avr/4.3.3/avr5\libgcc.a(_pack_sf.o)
 .debug_aranges
                0x00000100       0x20 d:/arm_embeded/imt_arm_course/02- tools/03- imt sdk/imt_sdk_win_64/winavr/bin/../lib/gcc/avr/4.3.3/avr5\libgcc.a(_unpack_sf.o)
 .debug_aranges
                0x00000120       0x20 d:/arm_embeded/imt_arm_course/02- tools/03- imt sdk/imt_sdk_win_64/winavr/bin/../lib/gcc/avr/4.3.3/avr5\libgcc.a(_fpcmp_parts_sf.o)

.debug_pubnames
                0x00000000      0x170
 *(.debug_pubnames)
 .debug_pubnames
                0x00000000       0x23 d:/arm_embeded/imt_arm_course/02- tools/03- imt sdk/imt_sdk_win_64/winavr/bin/../lib/gcc/avr/4.3.3/avr5\libgcc.a(_fixunssfsi.o)
 .debug_pubnames
                0x00000023       0x2c d:/arm_embeded/imt_arm_course/02- tools/03- imt sdk/imt_sdk_win_64/winavr/bin/../lib/gcc/avr/4.3.3/avr5\libgcc.a(_addsub_sf.o)
 .debug_pubnames
                0x0000004f       0x1f d:/arm_embeded/imt_arm_course/02- tools/03- imt sdk/imt_sdk_win_64/winavr/bin/../lib/gcc/avr/4.3.3/avr5\libgcc.a(_mul_sf.o)
 .debug_pubnames
                0x0000006e       0x1e d:/arm_embeded/imt_arm_course/02- tools/03- imt sdk/imt_sdk_win_64/winavr/bin/../lib/gcc/avr/4.3.3/avr5\libgcc.a(_gt_sf.o)
 .debug_pubnames
                0x0000008c       0x1e d:/arm_embeded/imt_arm_course/02- tools/03- imt sdk/imt_sdk_win_64/winavr/bin/../lib/gcc/avr/4.3.3/avr5\libgcc.a(_ge_sf.o)
 .debug_pubnames
                0x000000aa       0x1e d:/arm_embeded/imt_arm_course/02- tools/03- imt sdk/imt_sdk_win_64/winavr/bin/../lib/gcc/avr/4.3.3/avr5\libgcc.a(_lt_sf.o)
 .debug_pubnames
                0x000000c8       0x20 d:/arm_embeded/imt_arm_course/02- tools/03- imt sdk/imt_sdk_win_64/winavr/bin/../lib/gcc/avr/4.3.3/avr5\libgcc.a(_sf_to_si.o)
 .debug_pubnames
                0x000000e8       0x22 d:/arm_embeded/imt_arm_course/02- tools/03- imt sdk/imt_sdk_win_64/winavr/bin/../lib/gcc/avr/4.3.3/avr5\libgcc.a(_thenan_sf.o)
 .debug_pubnames
                0x0000010a       0x1f d:/arm_embeded/imt_arm_course/02- tools/03- imt sdk/imt_sdk_win_64/winavr/bin/../lib/gcc/avr/4.3.3/avr5\libgcc.a(_pack_sf.o)
 .debug_pubnames
                0x00000129       0x21 d:/arm_embeded/imt_arm_course/02- tools/03- imt sdk/imt_sdk_win_64/winavr/bin/../lib/gcc/avr/4.3.3/avr5\libgcc.a(_unpack_sf.o)
 .debug_pubnames
                0x0000014a       0x26 d:/arm_embeded/imt_arm_course/02- tools/03- imt sdk/imt_sdk_win_64/winavr/bin/../lib/gcc/avr/4.3.3/avr5\libgcc.a(_fpcmp_parts_sf.o)

.debug_info     0x00000000     0x1c49
 *(.debug_info)
 .debug_info    0x00000000       0xb1 d:/arm_embeded/imt_arm_course/02- tools/03- imt sdk/imt_sdk_win_64/winavr/bin/../lib/gcc/avr/4.3.3/avr5\libgcc.a(_fixunssfsi.o)
 .debug_info    0x000000b1      0x47a d:/arm_embeded/imt_arm_course/02- tools/03- imt sdk/imt_sdk_win_64/winavr/bin/../lib/gcc/avr/4.3.3/avr5\libgcc.a(_addsub_sf.o)
 .debug_info    0x0000052b      0x485 d:/arm_embeded/imt_arm_course/02- tools/03- imt sdk/imt_sdk_win_64/winavr/bin/../lib/gcc/avr/4.3.3/avr5\libgcc.a(_mul_sf.o)
 .debug_info    0x000009b0      0x27f d:/arm_embeded/imt_arm_course/02- tools/03- imt sdk/imt_sdk_win_64/winavr/bin/../lib/gcc/avr/4.3.3/avr5\libgcc.a(_gt_sf.o)
 .debug_info    0x00000c2f      0x27f d:/arm_embeded/imt_arm_course/02- tools/03- imt sdk/imt_sdk_win_64/winavr/bin/../lib/gcc/avr/4.3.3/avr5\libgcc.a(_ge_sf.o)
 .debug_info    0x00000eae      0x27f d:/arm_embeded/imt_arm_course/02- tools/03- imt sdk/imt_sdk_win_64/winavr/bin/../lib/gcc/avr/4.3.3/avr5\libgcc.a(_lt_sf.o)
 .debug_info    0x0000112d      0x2b0 d:/arm_embeded/imt_arm_course/02- tools/03- imt sdk/imt_sdk_win_64/winavr/bin/../lib/gcc/avr/4.3.3/avr5\libgcc.a(_sf_to_si.o)
 .debug_info    0x000013dd      0x12c d:/arm_embeded/imt_arm_course/02- tools/03- imt sdk/imt_sdk_win_64/winavr/bin/../lib/gcc/avr/4.3.3/avr5\libgcc.a(_thenan_sf.o)
 .debug_info    0x00001509      0x2df d:/arm_embeded/imt_arm_course/02- tools/03- imt sdk/imt_sdk_win_64/winavr/bin/../lib/gcc/avr/4.3.3/avr5\libgcc.a(_pack_sf.o)
 .debug_info    0x000017e8      0x251 d:/arm_embeded/imt_arm_course/02- tools/03- imt sdk/imt_sdk_win_64/winavr/bin/../lib/gcc/avr/4.3.3/avr5\libgcc.a(_unpack_sf.o)
 .debug_info    0x00001a39      0x210 d:/arm_embeded/imt_arm_course/02- tools/03- imt sdk/imt_sdk_win_64/winavr/bin/../lib/gcc/avr/4.3.3/avr5\libgcc.a(_fpcmp_parts_sf.o)
 *(.gnu.linkonce.wi.*)

.debug_abbrev   0x00000000      0xeeb
 *(.debug_abbrev)
 .debug_abbrev  0x00000000       0x5d d:/arm_embeded/imt_arm_course/02- tools/03- imt sdk/imt_sdk_win_64/winavr/bin/../lib/gcc/avr/4.3.3/avr5\libgcc.a(_fixunssfsi.o)
 .debug_abbrev  0x0000005d      0x1ea d:/arm_embeded/imt_arm_course/02- tools/03- imt sdk/imt_sdk_win_64/winavr/bin/../lib/gcc/avr/4.3.3/avr5\libgcc.a(_addsub_sf.o)
 .debug_abbrev  0x00000247      0x21b d:/arm_embeded/imt_arm_course/02- tools/03- imt sdk/imt_sdk_win_64/winavr/bin/../lib/gcc/avr/4.3.3/avr5\libgcc.a(_mul_sf.o)
 .debug_abbrev  0x00000462      0x15a d:/arm_embeded/imt_arm_course/02- tools/03- imt sdk/imt_sdk_win_64/winavr/bin/../lib/gcc/avr/4.3.3/avr5\libgcc.a(_gt_sf.o)
 .debug_abbrev  0x000005bc      0x15a d:/arm_embeded/imt_arm_course/02- tools/03- imt sdk/imt_sdk_win_64/winavr/bin/../lib/gcc/avr/4.3.3/avr5\libgcc.a(_ge_sf.o)
 .debug_abbrev  0x00000716      0x15a d:/arm_embeded/imt_arm_course/02- tools/03- imt sdk/imt_sdk_win_64/winavr/bin/../lib/gcc/avr/4.3.3/avr5\libgcc.a(_lt_sf.o)
 .debug_abbrev  0x00000870      0x17f d:/arm_embeded/imt_arm_course/02- tools/03- imt sdk/imt_sdk_win_64/winavr/bin/../lib/gcc/avr/4.3.3/avr5\libgcc.a(_sf_to_si.o)
 .debug_abbrev  0x000009ef       0xad d:/arm_embeded/imt_arm_course/02- tools/03- imt sdk/imt_sdk_win_64/winavr/bin/../lib/gcc/avr/4.3.3/avr5\libgcc.a(_thenan_sf.o)
 .debug_abbrev  0x00000a9c      0x1c0 d:/arm_embeded/imt_arm_course/02- tools/03- imt sdk/imt_sdk_win_64/winavr/bin/../lib/gcc/avr/4.3.3/avr5\libgcc.a(_pack_sf.o)
 .debug_abbrev  0x00000c5c      0x154 d:/arm_embeded/imt_arm_course/02- tools/03- imt sdk/imt_sdk_win_64/winavr/bin/../lib/gcc/avr/4.3.3/avr5\libgcc.a(_unpack_sf.o)
 .debug_abbrev  0x00000db0      0x13b d:/arm_embeded/imt_arm_course/02- tools/03- imt sdk/imt_sdk_win_64/winavr/bin/../lib/gcc/avr/4.3.3/avr5\libgcc.a(_fpcmp_parts_sf.o)

.debug_line     0x00000000      0xdad
 *(.debug_line)
 .debug_line    0x00000000       0xa7 d:/arm_embeded/imt_arm_course/02- tools/03- imt sdk/imt_sdk_win_64/winavr/bin/../lib/gcc/avr/4.3.3/avr5\libgcc.a(_fixunssfsi.o)
 .debug_line    0x000000a7      0x2af d:/arm_embeded/imt_arm_course/02- tools/03- imt sdk/imt_sdk_win_64/winavr/bin/../lib/gcc/avr/4.3.3/avr5\libgcc.a(_addsub_sf.o)
 .debug_line    0x00000356      0x239 d:/arm_embeded/imt_arm_course/02- tools/03- imt sdk/imt_sdk_win_64/winavr/bin/../lib/gcc/avr/4.3.3/avr5\libgcc.a(_mul_sf.o)
 .debug_line    0x0000058f       0xd3 d:/arm_embeded/imt_arm_course/02- tools/03- imt sdk/imt_sdk_win_64/winavr/bin/../lib/gcc/avr/4.3.3/avr5\libgcc.a(_gt_sf.o)
 .debug_line    0x00000662       0xd3 d:/arm_embeded/imt_arm_course/02- tools/03- imt sdk/imt_sdk_win_64/winavr/bin/../lib/gcc/avr/4.3.3/avr5\libgcc.a(_ge_sf.o)
 .debug_line    0x00000735       0xd3 d:/arm_embeded/imt_arm_course/02- tools/03- imt sdk/imt_sdk_win_64/winavr/bin/../lib/gcc/avr/4.3.3/avr5\libgcc.a(_lt_sf.o)
 .debug_line    0x00000808      0x109 d:/arm_embeded/imt_arm_course/02- tools/03- imt sdk/imt_sdk_win_64/winavr/bin/../lib/gcc/avr/4.3.3/avr5\libgcc.a(_sf_to_si.o)
 .debug_line    0x00000911       0x90 d:/arm_embeded/imt_arm_course/02- tools/03- imt sdk/imt_sdk_win_64/winavr/bin/../lib/gcc/avr/4.3.3/avr5\libgcc.a(_thenan_sf.o)
 .debug_line    0x000009a1      0x18a d:/arm_embeded/imt_arm_course/02- tools/03- imt sdk/imt_sdk_win_64/winavr/bin/../lib/gcc/avr/4.3.3/avr5\libgcc.a(_pack_sf.o)
 .debug_line    0x00000b2b      0x14b d:/arm_embeded/imt_arm_course/02- tools/03- imt sdk/imt_sdk_win_64/winavr/bin/../lib/gcc/avr/4.3.3/avr5\libgcc.a(_unpack_sf.o)
 .debug_line    0x00000c76      0x137 d:/arm_embeded/imt_arm_course/02- tools/03- imt sdk/imt_sdk_win_64/winavr/bin/../lib/gcc/avr/4.3.3/avr5\libgcc.a(_fpcmp_parts_sf.o)

.debug_frame    0x00000000      0x160
 *(.debug_frame)
 .debug_frame   0x00000000       0x20 d:/arm_embeded/imt_arm_course/02- tools/03- imt sdk/imt_sdk_win_64/winavr/bin/../lib/gcc/avr/4.3.3/avr5\libgcc.a(_fixunssfsi.o)
 .debug_frame   0x00000020       0x40 d:/arm_embeded/imt_arm_course/02- tools/03- imt sdk/imt_sdk_win_64/winavr/bin/../lib/gcc/avr/4.3.3/avr5\libgcc.a(_addsub_sf.o)
 .debug_frame   0x00000060       0x20 d:/arm_embeded/imt_arm_course/02- tools/03- imt sdk/imt_sdk_win_64/winavr/bin/../lib/gcc/avr/4.3.3/avr5\libgcc.a(_mul_sf.o)
 .debug_frame   0x00000080       0x20 d:/arm_embeded/imt_arm_course/02- tools/03- imt sdk/imt_sdk_win_64/winavr/bin/../lib/gcc/avr/4.3.3/avr5\libgcc.a(_gt_sf.o)
 .debug_frame   0x000000a0       0x20 d:/arm_embeded/imt_arm_course/02- tools/03- imt sdk/imt_sdk_win_64/winavr/bin/../lib/gcc/avr/4.3.3/avr5\libgcc.a(_ge_sf.o)
 .debug_frame   0x000000c0       0x20 d:/arm_embeded/imt_arm_course/02- tools/03- imt sdk/imt_sdk_win_64/winavr/bin/../lib/gcc/avr/4.3.3/avr5\libgcc.a(_lt_sf.o)
 .debug_frame   0x000000e0       0x20 d:/arm_embeded/imt_arm_course/02- tools/03- imt sdk/imt_sdk_win_64/winavr/bin/../lib/gcc/avr/4.3.3/avr5\libgcc.a(_sf_to_si.o)
 .debug_frame   0x00000100       0x20 d:/arm_embeded/imt_arm_course/02- tools/03- imt sdk/imt_sdk_win_64/winavr/bin/../lib/gcc/avr/4.3.3/avr5\libgcc.a(_pack_sf.o)
 .debug_frame   0x00000120       0x20 d:/arm_embeded/imt_arm_course/02- tools/03- imt sdk/imt_sdk_win_64/winavr/bin/../lib/gcc/avr/4.3.3/avr5\libgcc.a(_unpack_sf.o)
 .debug_frame   0x00000140       0x20 d:/arm_embeded/imt_arm_course/02- tools/03- imt sdk/imt_sdk_win_64/winavr/bin/../lib/gcc/avr/4.3.3/avr5\libgcc.a(_fpcmp_parts_sf.o)

.debug_str      0x00000000      0x28d
 *(.debug_str)
 .debug_str     0x00000000       0xbf d:/arm_embeded/imt_arm_course/02- tools/03- imt sdk/imt_sdk_win_64/winavr/bin/../lib/gcc/avr/4.3.3/avr5\libgcc.a(_fixunssfsi.o)
                                 0xfe (size before relaxing)
 .debug_str     0x000000bf      0x14d d:/arm_embeded/imt_arm_course/02- tools/03- imt sdk/imt_sdk_win_64/winavr/bin/../lib/gcc/avr/4.3.3/avr5\libgcc.a(_addsub_sf.o)
                                0x206 (size before relaxing)
 .debug_str     0x0000020c       0x27 d:/arm_embeded/imt_arm_course/02- tools/03- imt sdk/imt_sdk_win_64/winavr/bin/../lib/gcc/avr/4.3.3/avr5\libgcc.a(_mul_sf.o)
                                0x1bf (size before relaxing)
 .debug_str     0x00000233        0xf d:/arm_embeded/imt_arm_course/02- tools/03- imt sdk/imt_sdk_win_64/winavr/bin/../lib/gcc/avr/4.3.3/avr5\libgcc.a(_gt_sf.o)
                                0x195 (size before relaxing)
 .debug_str     0x00000242        0x8 d:/arm_embeded/imt_arm_course/02- tools/03- imt sdk/imt_sdk_win_64/winavr/bin/../lib/gcc/avr/4.3.3/avr5\libgcc.a(_ge_sf.o)
                                0x195 (size before relaxing)
 .debug_str     0x0000024a        0x8 d:/arm_embeded/imt_arm_course/02- tools/03- imt sdk/imt_sdk_win_64/winavr/bin/../lib/gcc/avr/4.3.3/avr5\libgcc.a(_lt_sf.o)
                                0x195 (size before relaxing)
 .debug_str     0x00000252        0xa d:/arm_embeded/imt_arm_course/02- tools/03- imt sdk/imt_sdk_win_64/winavr/bin/../lib/gcc/avr/4.3.3/avr5\libgcc.a(_sf_to_si.o)
                                0x19e (size before relaxing)
 .debug_str     0x00000000      0x103 d:/arm_embeded/imt_arm_course/02- tools/03- imt sdk/imt_sdk_win_64/winavr/bin/../lib/gcc/avr/4.3.3/avr5\libgcc.a(_thenan_sf.o)
 .debug_str     0x0000025c       0x16 d:/arm_embeded/imt_arm_course/02- tools/03- imt sdk/imt_sdk_win_64/winavr/bin/../lib/gcc/avr/4.3.3/avr5\libgcc.a(_pack_sf.o)
                                0x19d (size before relaxing)
 .debug_str     0x00000272        0xb d:/arm_embeded/imt_arm_course/02- tools/03- imt sdk/imt_sdk_win_64/winavr/bin/../lib/gcc/avr/4.3.3/avr5\libgcc.a(_unpack_sf.o)
                                0x17f (size before relaxing)
 .debug_str     0x0000027d       0x10 d:/arm_embeded/imt_arm_course/02- tools/03- imt sdk/imt_sdk_win_64/winavr/bin/../lib/gcc/avr/4.3.3/avr5\libgcc.a(_fpcmp_parts_sf.o)
                                0x163 (size before relaxing)

.debug_loc      0x00000000      0x7ce
 *(.debug_loc)
 .debug_loc     0x00000000       0x34 d:/arm_embeded/imt_arm_course/02- tools/03- imt sdk/imt_sdk_win_64/winavr/bin/../lib/gcc/avr/4.3.3/avr5\libgcc.a(_fixunssfsi.o)
 .debug_loc     0x00000034      0x32a d:/arm_embeded/imt_arm_course/02- tools/03- imt sdk/imt_sdk_win_64/winavr/bin/../lib/gcc/avr/4.3.3/avr5\libgcc.a(_addsub_sf.o)
 .debug_loc     0x0000035e      0x104 d:/arm_embeded/imt_arm_course/02- tools/03- imt sdk/imt_sdk_win_64/winavr/bin/../lib/gcc/avr/4.3.3/avr5\libgcc.a(_mul_sf.o)
 .debug_loc     0x00000462       0x3c d:/arm_embeded/imt_arm_course/02- tools/03- imt sdk/imt_sdk_win_64/winavr/bin/../lib/gcc/avr/4.3.3/avr5\libgcc.a(_gt_sf.o)
 .debug_loc     0x0000049e       0x3c d:/arm_embeded/imt_arm_course/02- tools/03- imt sdk/imt_sdk_win_64/winavr/bin/../lib/gcc/avr/4.3.3/avr5\libgcc.a(_ge_sf.o)
 .debug_loc     0x000004da       0x3c d:/arm_embeded/imt_arm_course/02- tools/03- imt sdk/imt_sdk_win_64/winavr/bin/../lib/gcc/avr/4.3.3/avr5\libgcc.a(_lt_sf.o)
 .debug_loc     0x00000516       0x7e d:/arm_embeded/imt_arm_course/02- tools/03- imt sdk/imt_sdk_win_64/winavr/bin/../lib/gcc/avr/4.3.3/avr5\libgcc.a(_sf_to_si.o)
 .debug_loc     0x00000594      0x13e d:/arm_embeded/imt_arm_course/02- tools/03- imt sdk/imt_sdk_win_64/winavr/bin/../lib/gcc/avr/4.3.3/avr5\libgcc.a(_pack_sf.o)
 .debug_loc     0x000006d2       0xac d:/arm_embeded/imt_arm_course/02- tools/03- imt sdk/imt_sdk_win_64/winavr/bin/../lib/gcc/avr/4.3.3/avr5\libgcc.a(_unpack_sf.o)
 .debug_loc     0x0000077e       0x50 d:/arm_embeded/imt_arm_course/02- tools/03- imt sdk/imt_sdk_win_64/winavr/bin/../lib/gcc/avr/4.3.3/avr5\libgcc.a(_fpcmp_parts_sf.o)

.debug_macinfo
 *(.debug_macinfo)
OUTPUT(IOT.elf elf32-avr)
LOAD linker stubs

.debug_ranges   0x00000000       0x50
 .debug_ranges  0x00000000       0x50 d:/arm_embeded/imt_arm_course/02- tools/03- imt sdk/imt_sdk_win_64/winavr/bin/../lib/gcc/avr/4.3.3/avr5\libgcc.a(_mul_sf.o)
